[backblue.gif]
[fade.gif]
[index.html]
[cbdmedicaltherapy.com/index.html]
[cbdmedicaltherapy.com/index.php/es/inicio/index.html]
[cbdmedicaltherapy.com/wp-content/themes/astra/assets/fonts/astra.woff]
[cbdmedicaltherapy.com/index.php/es/feed/index.html]
[cbdmedicaltherapy.com/index.php/es/comments/feed/index.html]
[c0.wp.com/c/5.9/wp-includes/css/dist/block-library/style.min.css]
[c0.wp.com/c/5.9/wp-includes/js/mediaelement/mediaelementplayer-legacy.min.css]
[c0.wp.com/c/5.9/wp-includes/js/mediaelement/wp-mediaelement.min.css]
[c0.wp.com/p/jetpack/10.6/css/jetpack.css]
[c0.wp.com/c/5.9/wp-includes/js/jquery/jquery.min.js]
[c0.wp.com/c/5.9/wp-includes/js/jquery/jquery-migrate.min.js]
[cbdmedicaltherapy.com/wp-content/plugins/elementor/assets/lib/font-awesome/js/v4-shims.mina25a.js]
[stats.wp.com/s-202205.js]
[cbdmedicaltherapy.com/wp-content/plugins/advanced-dynamic-pricing-for-woocommerce-pro/BaseVersion/assets/js/frontend8d18.js]
[cbdmedicaltherapy.com/wp-content/plugins/advanced-dynamic-pricing-for-woocommerce-pro/ProVersion/assets/js/dynamic-price8d18.js]
[cbdmedicaltherapy.com/index.php/wp-json/wp/v2/pages/4234.json]
[cbdmedicaltherapy.com/index.php/wp-json/index.html]
[cbdmedicaltherapy.com/xmlrpc0db0.php]
[cbdmedicaltherapy.com/index.php/wp-json/oembed/1.0/embed597a.json]
[cbdmedicaltherapy.com/index.php/wp-json/oembed/1.0/embededee]
[i0.wp.com/cbdmedicaltherapy.com/wp-content/uploads/2020/10/cbdmedicaltheraphyfavicon-optimdcb9.png]
[i0.wp.com/cbdmedicaltherapy.com/wp-content/uploads/2020/10/nira_logo_vector-optimized-1baac.gif]
[cbdmedicaltherapy.com/index.php/es/tienda/index.html]
[cbdmedicaltherapy.com/index.php/es/elementor-4236/index.html]
[cbdmedicaltherapy.com/index.php/es/preguntas-frecuentes/index.html]
[i0.wp.com/cbdmedicaltherapy.com/wp-content/uploads/2020/08/Nira_Full_Spectrum_Oil_tincture_10_mg-cbdmedicaltherapy_optimizedd9a4.jpg]
[cbdmedicaltherapy.com/index.php/es/contacto/index.html]
[cbdmedicaltherapy.com/index.php/es/mi-cuenta/index.html]
[i0.wp.com/cbdmedicaltherapy.com/wp-content/uploads/2020/08/softgels-product-focus_767f80ed1de2491eeba107feacfec70cd9a4.jpg]
[cbdmedicaltherapy.com/index.php/es/carrito/index.html]
[cbdmedicaltherapy.com/index.php/es/product/tintura-de-cbd/index.html]
[i0.wp.com/cbdmedicaltherapy.com/wp-content/uploads/2020/08/Llotion_focus_185f5ce394e03a52db28f9165ef5c867d9a4.jpg]
[cbdmedicaltherapy.com/index.php/es/product/nira-capsulas-blandas-de-600mg-de-cbd/index.html]
[cbdmedicaltherapy.com/index.php/es/inicio/index9740.html]
[i0.wp.com/cbdmedicaltherapy.com/wp-content/uploads/2020/10/cannabis-optimized354f.png]
[i0.wp.com/cbdmedicaltherapy.com/wp-content/uploads/2020/10/testim-girl-optimized058c.jpg]
[cbdmedicaltherapy.com/index.php/es/product/nira-lotion-750mg-2/index.html]
[i0.wp.com/cbdmedicaltherapy.com/wp-content/uploads/2020/10/testim-man-optimized058c.jpg]
[i0.wp.com/cbdmedicaltherapy.com/wp-content/uploads/2020/10/01-CBD-formulado_por_medicos8c1f.jpg]
[i0.wp.com/cbdmedicaltherapy.com/wp-content/uploads/2020/10/02-CBD_libre_de_gmo8c1f.jpg]
[i0.wp.com/cbdmedicaltherapy.com/wp-content/uploads/2020/10/03-CBD_libre_de_azucar8c1f.jpg]
[i0.wp.com/cbdmedicaltherapy.com/wp-content/uploads/2020/10/04-CBD_libre_de_gluten8c1f.jpg]
[cbdmedicaltherapy.com/index.php/es/inicio/indexbebf.html]
[i0.wp.com/cbdmedicaltherapy.com/wp-content/uploads/2020/10/05-CBD_100_vegano8c1f.jpg]
[cbdmedicaltherapy.com/index.php/frecuently-ask-questios/index.html]
[i0.wp.com/cbdmedicaltherapy.com/wp-content/uploads/2019/07/cbd-medicaltheraphy-logo-footera60f.png]
[cbdmedicaltherapy.com/index.php/privacy-policy/index.html]
[cbdmedicaltherapy.com/wp-content/themes/astra/assets/js/minified/style.minac9e.js]
[c0.wp.com/p/jetpack/10.6/_inc/build/photon/photon.min.js]
[c0.wp.com/p/woocommerce/6.1.1/assets/js/jquery-blockui/jquery.blockUI.min.js]
[c0.wp.com/p/woocommerce/6.1.1/assets/js/frontend/add-to-cart.min.js]
[cbdmedicaltherapy.com/index.php/es/terminos-y-condiciones/index.html]
[c0.wp.com/p/woocommerce/6.1.1/assets/js/js-cookie/js.cookie.min.js]
[c0.wp.com/p/woocommerce/6.1.1/assets/js/frontend/woocommerce.min.js]
[c0.wp.com/p/woocommerce/6.1.1/assets/js/frontend/cart-fragments.min.js]
[cbdmedicaltherapy.com/wp-content/plugins/jetpack/jetpack_vendor/automattic/jetpack-lazy-images/dist/intersection-observer6657.js]
[cbdmedicaltherapy.com/wp-content/plugins/jetpack/jetpack_vendor/automattic/jetpack-lazy-images/dist/lazy-imagesa096.js]
[cbdmedicaltherapy.com/wp-content/plugins/elementor/assets/js/webpack.runtime.mina25a.js]
[cbdmedicaltherapy.com/wp-content/plugins/elementor/assets/js/frontend-modules.mina25a.js]
[cbdmedicaltherapy.com/wp-content/plugins/elementor/assets/lib/waypoints/waypoints.min05da.js]
[c0.wp.com/c/5.9/wp-includes/js/jquery/ui/core.min.js]
[cbdmedicaltherapy.com/wp-content/plugins/elementor/assets/lib/swiper/swiper.min48f5.js]
[cbdmedicaltherapy.com/wp-content/plugins/elementor/assets/lib/share-link/share-link.mina25a.js]
[cbdmedicaltherapy.com/wp-content/plugins/elementor/assets/lib/dialog/dialog.mind227.js]
[cbdmedicaltherapy.com/wp-content/plugins/elementor/assets/js/frontend.mina25a.js]
[cbdmedicaltherapy.com/wp-content/plugins/elementor/assets/js/preloaded-modules.mina25a.js]
[c0.wp.com/c/5.9/wp-includes/js/underscore.min.js]
[c0.wp.com/c/5.9/wp-includes/js/wp-util.min.js]
[cbdmedicaltherapy.com/wp-content/plugins/wpforms-lite/assets/js/integrations/elementor/frontend.mine3d1.js]
[cbdmedicaltherapy.com/index.php/es/inicio/index.html]
[cbdmedicaltherapy.com/wp-content/themes/astra/assets/css/minified/style.minac9e.css]
[cbdmedicaltherapy.com/wp-content/themes/astra/assets/css/minified/menu-animation.minac9e.css]
[c0.wp.com/c/5.9/wp-includes/css/dist/block-library/style.min.css]
[c0.wp.com/c/5.9/wp-includes/js/mediaelement/mediaelementplayer-legacy.min.css]
[c0.wp.com/c/5.9/wp-includes/js/mediaelement/wp-mediaelement.min.css]
[cbdmedicaltherapy.com/wp-content/plugins/woo-gutenberg-products-block/build/wc-blocks-vendors-stylee1b2.css]
[cbdmedicaltherapy.com/wp-content/plugins/woo-gutenberg-products-block/build/wc-blocks-stylee1b2.css]
[cbdmedicaltherapy.com/wp-content/themes/astra/assets/css/minified/compatibility/woocommerce/woocommerce-layout.minac9e.css]
[cbdmedicaltherapy.com/wp-content/themes/astra/assets/css/minified/compatibility/woocommerce/woocommerce-smallscreen.minac9e.css]
[cbdmedicaltherapy.com/wp-content/themes/astra/assets/css/minified/compatibility/woocommerce/woocommerce.minac9e.css]
[cbdmedicaltherapy.com/wp-content/plugins/header-footer-elementor/assets/css/header-footer-elementor544c.css]
[cbdmedicaltherapy.com/wp-content/plugins/elementor/assets/lib/eicons/css/elementor-icons.mine900.css]
[cbdmedicaltherapy.com/wp-content/plugins/elementor/assets/css/frontend-legacy.mina25a.css]
[cbdmedicaltherapy.com/wp-content/plugins/elementor/assets/css/frontend.mina25a.css]
[cbdmedicaltherapy.com/wp-content/uploads/elementor/css/post-30498258.css]
[cbdmedicaltherapy.com/wp-content/plugins/powerpack-lite-for-elementor/assets/css/min/frontend.min91ac.css]
[cbdmedicaltherapy.com/wp-content/plugins/wpforms-lite/assets/css/wpforms-base.mine3d1.css]
[cbdmedicaltherapy.com/wp-content/plugins/elementor/assets/lib/font-awesome/css/all.mina25a.css]
[cbdmedicaltherapy.com/wp-content/plugins/elementor/assets/lib/font-awesome/css/v4-shims.mina25a.css]
[cbdmedicaltherapy.com/wp-content/uploads/elementor/css/post-42347938.css]
[cbdmedicaltherapy.com/wp-content/plugins/header-footer-elementor/inc/widgets-css/frontend544c.css]
[cbdmedicaltherapy.com/wp-content/uploads/elementor/css/post-43867938.css]
[cbdmedicaltherapy.com/wp-content/plugins/elementor/assets/lib/font-awesome/css/fontawesome.min52d5.css]
[cbdmedicaltherapy.com/wp-content/plugins/elementor/assets/lib/font-awesome/css/solid.min52d5.css]
[cbdmedicaltherapy.com/wp-content/plugins/elementor/assets/lib/font-awesome/css/brands.min52d5.css]
[c0.wp.com/p/jetpack/10.6/css/jetpack.css]
[cbdmedicaltherapy.com/wp-content/plugins/profile-builder/assets/css/style-front-enda767.css]
[cbdmedicaltherapy.com/wp-content/plugins/advanced-dynamic-pricing-for-woocommerce-pro/BaseVersion/assets/css/pricing-table8d18.css]
[cbdmedicaltherapy.com/wp-content/plugins/advanced-dynamic-pricing-for-woocommerce-pro/BaseVersion/assets/css/deals-table8d18.css]
[cbdmedicaltherapy.com/wp-includes/wlwmanifest.html]
[cbdmedicaltherapy.com/wp-content/uploads/2020/10/cbd-logo-nuevo-optimized-01.svg]
[cbdmedicaltherapy.com/index.php/es/elementor-4236/index.html]
[cbdmedicaltherapy.com/index.php/es/tienda/index.html]
[cbdmedicaltherapy.com/index.php/es/preguntas-frecuentes/index.html]
[cbdmedicaltherapy.com/index.php/es/contacto/index.html]
[cbdmedicaltherapy.com/index.php/es/mi-cuenta/index.html]
[cbdmedicaltherapy.com/index.php/es/carrito/index.html]
[cbdmedicaltherapy.com/wp-content/uploads/2020/10/gotas-logo-cbd.svg]
[cbdmedicaltherapy.com/index.php/es/product/tintura-de-cbd/index.html]
[stats.wp.com/e-202205.js]
[cbdmedicaltherapy.com/index.php/es/inicio/index9740.html]
[cbdmedicaltherapy.com/index.php/es/product/nira-capsulas-blandas-de-600mg-de-cbd/index.html]
[cbdmedicaltherapy.com/index.php/es/product/nira-lotion-750mg-2/index.html]
[cbdmedicaltherapy.com/index.php/es/inicio/indexbebf.html]
[cbdmedicaltherapy.com/index.php/frecuently-ask-questios/index.html]
[cbdmedicaltherapy.com/index.php/privacy-policy/index.html]
[cbdmedicaltherapy.com/index8571.html]
[cbdmedicaltherapy.com/index.php/es/terminos-y-condiciones/index.html]
[cbdmedicaltherapy.com/wp-content/plugins/elementor/assets/lib/animations/animations.mina25a.css]
