[backblue.gif]
[fade.gif]
[index.html]
[cbdmedicaltherapy.com/index.html]
[cbdmedicaltherapy.com/index.php/es/inicio/index.html]
[cbdmedicaltherapy.com/wp-content/themes/astra/assets/fonts/astra.woff]
[c0.wp.com/c/5.9/wp-includes/css/dist/block-library/style.min.css]
[cbdmedicaltherapy.com/index.php/es/feed/index.html]
[c0.wp.com/c/5.9/wp-includes/js/mediaelement/mediaelementplayer-legacy.min.css]
[cbdmedicaltherapy.com/index.php/es/comments/feed/index.html]
[c0.wp.com/c/5.9/wp-includes/js/mediaelement/wp-mediaelement.min.css]
[c0.wp.com/p/jetpack/10.6/css/jetpack.css]
[c0.wp.com/c/5.9/wp-includes/js/jquery/jquery.min.js]
[c0.wp.com/c/5.9/wp-includes/js/jquery/jquery-migrate.min.js]
[cbdmedicaltherapy.com/wp-content/plugins/elementor/assets/lib/font-awesome/js/v4-shims.mina25a.js]
[stats.wp.com/s-202205.js]
[cbdmedicaltherapy.com/wp-content/plugins/advanced-dynamic-pricing-for-woocommerce-pro/BaseVersion/assets/js/frontend8d18.js]
[cbdmedicaltherapy.com/wp-content/plugins/advanced-dynamic-pricing-for-woocommerce-pro/ProVersion/assets/js/dynamic-price8d18.js]
[cbdmedicaltherapy.com/index.php/wp-json/index.html]
[cbdmedicaltherapy.com/index.php/wp-json/wp/v2/pages/4234.json]
[cbdmedicaltherapy.com/xmlrpc0db0.php]
[cbdmedicaltherapy.com/index.php/wp-json/oembed/1.0/embed597a.json]
[cbdmedicaltherapy.com/index.php/wp-json/oembed/1.0/embededee]
[i0.wp.com/cbdmedicaltherapy.com/wp-content/uploads/2020/10/cbdmedicaltheraphyfavicon-optimdcb9.png]
[i0.wp.com/cbdmedicaltherapy.com/wp-content/uploads/2020/10/nira_logo_vector-optimized-1baac.gif]
[cbdmedicaltherapy.com/index.php/es/tienda/index.html]
[i0.wp.com/cbdmedicaltherapy.com/wp-content/uploads/2020/08/Nira_Full_Spectrum_Oil_tincture_10_mg-cbdmedicaltherapy_optimizedd9a4.jpg]
[cbdmedicaltherapy.com/index.php/es/preguntas-frecuentes/index.html]
[cbdmedicaltherapy.com/index.php/es/contacto/index.html]
[cbdmedicaltherapy.com/index.php/es/elementor-4236/index.html]
[i0.wp.com/cbdmedicaltherapy.com/wp-content/uploads/2020/08/softgels-product-focus_767f80ed1de2491eeba107feacfec70cd9a4.jpg]
[i0.wp.com/cbdmedicaltherapy.com/wp-content/uploads/2020/08/Llotion_focus_185f5ce394e03a52db28f9165ef5c867d9a4.jpg]
[cbdmedicaltherapy.com/index.php/es/carrito/index.html]
[cbdmedicaltherapy.com/index.php/es/mi-cuenta/index.html]
[i0.wp.com/cbdmedicaltherapy.com/wp-content/uploads/2020/10/cannabis-optimized354f.png]
[cbdmedicaltherapy.com/index.php/es/product/tintura-de-cbd/index.html]
[i0.wp.com/cbdmedicaltherapy.com/wp-content/uploads/2020/10/testim-girl-optimized058c.jpg]
[cbdmedicaltherapy.com/index.php/es/inicio/index9740.html]
[i0.wp.com/cbdmedicaltherapy.com/wp-content/uploads/2020/10/testim-man-optimized058c.jpg]
[cbdmedicaltherapy.com/index.php/es/product/nira-capsulas-blandas-de-600mg-de-cbd/index.html]
[i0.wp.com/cbdmedicaltherapy.com/wp-content/uploads/2020/10/01-CBD-formulado_por_medicos8c1f.jpg]
[cbdmedicaltherapy.com/index.php/es/product/nira-lotion-750mg-2/index.html]
[i0.wp.com/cbdmedicaltherapy.com/wp-content/uploads/2020/10/02-CBD_libre_de_gmo8c1f.jpg]
[cbdmedicaltherapy.com/index.php/es/inicio/indexbebf.html]
[i0.wp.com/cbdmedicaltherapy.com/wp-content/uploads/2020/10/03-CBD_libre_de_azucar8c1f.jpg]
[i0.wp.com/cbdmedicaltherapy.com/wp-content/uploads/2020/10/04-CBD_libre_de_gluten8c1f.jpg]
[i0.wp.com/cbdmedicaltherapy.com/wp-content/uploads/2020/10/05-CBD_100_vegano8c1f.jpg]
[i0.wp.com/cbdmedicaltherapy.com/wp-content/uploads/2019/07/cbd-medicaltheraphy-logo-footera60f.png]
[cbdmedicaltherapy.com/index.php/frecuently-ask-questios/index.html]
[cbdmedicaltherapy.com/wp-content/themes/astra/assets/js/minified/style.minac9e.js]
[c0.wp.com/p/jetpack/10.6/_inc/build/photon/photon.min.js]
[c0.wp.com/p/woocommerce/6.1.1/assets/js/jquery-blockui/jquery.blockUI.min.js]
[c0.wp.com/p/woocommerce/6.1.1/assets/js/frontend/add-to-cart.min.js]
[c0.wp.com/p/woocommerce/6.1.1/assets/js/js-cookie/js.cookie.min.js]
[cbdmedicaltherapy.com/index.php/privacy-policy/index.html]
[cbdmedicaltherapy.com/index.php/es/terminos-y-condiciones/index.html]
[c0.wp.com/p/woocommerce/6.1.1/assets/js/frontend/woocommerce.min.js]
[c0.wp.com/p/woocommerce/6.1.1/assets/js/frontend/cart-fragments.min.js]
[cbdmedicaltherapy.com/wp-content/plugins/jetpack/jetpack_vendor/automattic/jetpack-lazy-images/dist/intersection-observer6657.js]
[cbdmedicaltherapy.com/wp-content/plugins/jetpack/jetpack_vendor/automattic/jetpack-lazy-images/dist/lazy-imagesa096.js]
[cbdmedicaltherapy.com/wp-content/plugins/elementor/assets/js/webpack.runtime.mina25a.js]
[cbdmedicaltherapy.com/wp-content/plugins/elementor/assets/js/frontend-modules.mina25a.js]
[cbdmedicaltherapy.com/wp-content/plugins/elementor/assets/lib/waypoints/waypoints.min05da.js]
[c0.wp.com/c/5.9/wp-includes/js/jquery/ui/core.min.js]
[cbdmedicaltherapy.com/wp-content/plugins/elementor/assets/lib/swiper/swiper.min48f5.js]
[cbdmedicaltherapy.com/wp-content/plugins/elementor/assets/lib/share-link/share-link.mina25a.js]
[cbdmedicaltherapy.com/wp-content/plugins/elementor/assets/lib/dialog/dialog.mind227.js]
[cbdmedicaltherapy.com/wp-content/plugins/elementor/assets/js/frontend.mina25a.js]
[cbdmedicaltherapy.com/wp-content/plugins/elementor/assets/js/preloaded-modules.mina25a.js]
[c0.wp.com/c/5.9/wp-includes/js/underscore.min.js]
[c0.wp.com/c/5.9/wp-includes/js/wp-util.min.js]
[cbdmedicaltherapy.com/wp-content/plugins/wpforms-lite/assets/js/integrations/elementor/frontend.mine3d1.js]
[cbdmedicaltherapy.com/index.php/es/inicio/index.html]
[stats.wp.com/e-202205.js]
[cbdmedicaltherapy.com/index.php/wp-json/wp/v2/pages/4236.json]
[cbdmedicaltherapy.com/index.php/about-dr-casilda-balmaceda/index.html]
[cbdmedicaltherapy.com/index.php/wp-json/oembed/1.0/embedfbe2.json]
[cbdmedicaltherapy.com/index.php/wp-json/oembed/1.0/embed3f81]
[i0.wp.com/cbdmedicaltherapy.com/wp-content/uploads/2020/10/Firma-azul-01-1205a.png]
[cbdmedicaltherapy.com/index.php/es/elementor-4236/index.html]
[cbdmedicaltherapy.com/index.php/es/tienda/index.html]
[cbdmedicaltherapy.com/index.php/es/tienda/feed/index.html]
[cbdmedicaltherapy.com/index.php/es/tienda/indexbebf.html]
[cbdmedicaltherapy.com/index.php/es/tienda/index9740.html]
[cbdmedicaltherapy.com/index.php/shop/index.html]
[cbdmedicaltherapy.com/index.php/wp-json/wp/v2/pages/3360.json]
[cbdmedicaltherapy.com/index.php/wp-json/oembed/1.0/embedfc5a.json]
[cbdmedicaltherapy.com/index.php/wp-json/oembed/1.0/embed5573]
[cbdmedicaltherapy.com/index.php/es/preguntas-frecuentes/index.html]
[cbdmedicaltherapy.com/wp-content/uploads/2020/07/gotas-logo-cbd.html]
[cbdmedicaltherapy.com/index.php/wp-json/wp/v2/pages/4266.json]
[cbdmedicaltherapy.com/index.php/wp-json/oembed/1.0/embed41fd.json]
[cbdmedicaltherapy.com/index.php/wp-json/oembed/1.0/embed55db]
[cbdmedicaltherapy.com/wp-content/plugins/wpforms-lite/assets/js/jquery.validate.min6134.js]
[cbdmedicaltherapy.com/wp-content/plugins/wpforms-lite/assets/js/mailcheck.mincfa9.js]
[cbdmedicaltherapy.com/wp-content/plugins/wpforms-lite/assets/js/punycode.min8a54.js]
[cbdmedicaltherapy.com/wp-content/plugins/wpforms-lite/assets/js/wpforms.mine3d1.js]
[cbdmedicaltherapy.com/index.php/es/contacto/index.html]
[c0.wp.com/p/woocommerce/6.1.1/assets/css/select2.css]
[cbdmedicaltherapy.com/index.php/wp-json/wp/v2/pages/4321.json]
[cbdmedicaltherapy.com/index.php/my-account/index.html]
[cbdmedicaltherapy.com/index.php/wp-json/oembed/1.0/embed0209.json]
[cbdmedicaltherapy.com/index.php/wp-json/oembed/1.0/embed28fd]
[cbdmedicaltherapy.com/wp-loginc2b6.html]
[cbdmedicaltherapy.com/index.php/es/mi-cuenta/index.html]
[c0.wp.com/p/woocommerce/6.1.1/assets/js/selectWoo/selectWoo.full.min.js]
[cbdmedicaltherapy.com/index.php/wp-json/wp/v2/pages/4298.json]
[cbdmedicaltherapy.com/index.php/es/politica-de-privacidad/index.html]
[cbdmedicaltherapy.com/index.php/wp-json/oembed/1.0/embed4d31.json]
[cbdmedicaltherapy.com/index.php/wp-json/oembed/1.0/embed88f6]
[c0.wp.com/p/woocommerce/6.1.1/assets/js/frontend/country-select.min.js]
[c0.wp.com/p/woocommerce/6.1.1/assets/js/frontend/address-i18n.min.js]
[cbdmedicaltherapy.com/index.php/es/carrito/index.html]
[c0.wp.com/p/woocommerce/6.1.1/assets/js/frontend/cart.min.js]
[c0.wp.com/p/woocommerce/6.1.1/assets/css/photoswipe/photoswipe.min.css]
[c0.wp.com/p/woocommerce/6.1.1/assets/css/photoswipe/default-skin/default-skin.min.css]
[cbdmedicaltherapy.com/index.php/es/product/tintura-de-cbd/feed/index.html]
[cbdmedicaltherapy.com/index.php/product/nira-tincture-500mg/index.html]
[cbdmedicaltherapy.com/index.php/wp-json/wp/v2/product/4311.json]
[cbdmedicaltherapy.com/index.php/wp-json/oembed/1.0/embedbef0.json]
[cbdmedicaltherapy.com/index.php/wp-json/oembed/1.0/embeda562]
[cbdmedicaltherapy.com/wp-content/plugins/woocommerce-dynamic-gallery/assets/images/blank.gif]
[i0.wp.com/cbdmedicaltherapy.com/wp-content/uploads/2020/08/tincture_front_bottle_np-03-fixedd9a4.jpg]
[i0.wp.com/cbdmedicaltherapy.com/wp-content/uploads/2020/08/tincture_back_bottle_np-03-fixedd9a4.jpg]
[i0.wp.com/cbdmedicaltherapy.com/wp-content/uploads/2020/08/tincture_hand_np-03-fixedd9a4.jpg]
[cbdmedicaltherapy.com/wp-content/uploads/2020/07/Nira-Tincture230a.mp4]
[cbdmedicaltherapy.com/index.php/es/product-category/tinture-de-cbd/index.html]
[cbdmedicaltherapy.com/index.php/es/product-category/cbd-es/index.html]
[cbdmedicaltherapy.com/index.php/es/product-category/spanish/index.html]
[cbdmedicaltherapy.com/wp-content/uploads/2020/07/Nira-Tincture.mp4]
[niracbd.com/wp-content/uploads/2019/10/Nira-tincture-CoA_Page_1-scaled.jpg]
[cbdmedicaltherapy.com/wp-content/plugins/woocommerce-dynamic-gallery/assets/js/mygallery/jquery.a3-dgallery5b0a.js]
[cbdmedicaltherapy.com/wp-content/plugins/woocommerce-dynamic-gallery/assets/js/fancybox/jquery.fancybox.minc412.js]
[c0.wp.com/c/5.9/wp-includes/js/comment-reply.min.js]
[c0.wp.com/p/woocommerce/6.1.1/assets/js/zoom/jquery.zoom.min.js]
[c0.wp.com/p/woocommerce/6.1.1/assets/js/flexslider/jquery.flexslider.min.js]
[cbdmedicaltherapy.com/index.php/es/product/tintura-de-cbd/indexbebf.html]
[c0.wp.com/p/woocommerce/6.1.1/assets/js/photoswipe/photoswipe-ui-default.min.js]
[c0.wp.com/p/woocommerce/6.1.1/assets/js/frontend/single-product.min.js]
[c0.wp.com/c/5.9/wp-includes/js/mediaelement/mediaelement-and-player.min.js]
[c0.wp.com/c/5.9/wp-includes/js/mediaelement/mediaelement-migrate.min.js]
[c0.wp.com/p/woocommerce/6.1.1/assets/js/photoswipe/photoswipe.min.js]
[c0.wp.com/c/5.9/wp-includes/js/mediaelement/wp-mediaelement.min.js]
[cbdmedicaltherapy.com/index.php/es/product/tintura-de-cbd/index.html]
[cbdmedicaltherapy.com/index.php/es/inicio/index9740.html]
[c0.wp.com/c/5.9/wp-includes/js/mediaelement/renderers/vimeo.min.js]
[cbdmedicaltherapy.com/index.php/wp-json/wp/v2/product/4371.json]
[cbdmedicaltherapy.com/index.php/es/product/nira-capsulas-blandas-de-600mg-de-cbd/feed/index.html]
[cbdmedicaltherapy.com/index.php/product/nira-softgels-600mg/index.html]
[cbdmedicaltherapy.com/index.php/wp-json/oembed/1.0/embed2131.json]
[cbdmedicaltherapy.com/index.php/wp-json/oembed/1.0/embed1a5b]
[cbdmedicaltherapy.com/wp-content/uploads/2018/06/Nira-Softgels230a.mp4]
[cbdmedicaltherapy.com/wp-content/uploads/2018/06/Nira-Softgels.mp4]
[niracbd.com/wp-content/uploads/2019/10/Nira-softgel-CoA_Page_1-scaled.jpg]
[cbdmedicaltherapy.com/index.php/es/product/nira-capsulas-blandas-de-600mg-de-cbd/index.html]
[cbdmedicaltherapy.com/index.php/es/product-category/capsulas-blandas/index.html]
[cbdmedicaltherapy.com/index.php/es/product/nira-capsulas-blandas-de-600mg-de-cbd/index9740.html]
[cbdmedicaltherapy.com/index.php/wp-json/wp/v2/product/4304.json]
[cbdmedicaltherapy.com/index.php/es/product/nira-capsulas-blandas-de-600mg-de-cbd/indexbebf.html]
[cbdmedicaltherapy.com/index.php/es/product/nira-lotion-750mg-2/feed/index.html]
[cbdmedicaltherapy.com/index.php/product/nira-lotion-750mg/index.html]
[cbdmedicaltherapy.com/index.php/wp-json/oembed/1.0/embedf492.json]
[cbdmedicaltherapy.com/index.php/wp-json/oembed/1.0/embedf38c]
[cbdmedicaltherapy.com/wp-content/uploads/2018/06/Nira-Lotion230a.mp4]
[cbdmedicaltherapy.com/wp-content/uploads/2018/06/Nira-Lotion.mp4]
[niracbd.com/wp-content/uploads/2019/10/Nira-cream-CoA_Page_1-scaled.jpg]
[cbdmedicaltherapy.com/index.php/es/product/nira-lotion-750mg-2/index.html]
[cbdmedicaltherapy.com/index.php/es/product-category/cbd-locion/index.html]
[cbdmedicaltherapy.com/index.php/es/inicio/indexbebf.html]
[cbdmedicaltherapy.com/index.php/frecuently-ask-questios/index.html]
[cbdmedicaltherapy.com/index.php/feed/index.html]
[cbdmedicaltherapy.com/index.php/es/product/nira-lotion-750mg-2/index9740.html]
[cbdmedicaltherapy.com/index.php/comments/feed/index.html]
[cbdmedicaltherapy.com/index.php/faqs/index.html]
[cbdmedicaltherapy.com/index.php/contact/index.html]
[cbdmedicaltherapy.com/index.php/wp-json/wp/v2/pages/3.json]
[cbdmedicaltherapy.com/index.php/cart/index.html]
[cbdmedicaltherapy.com/index.php/privacy-policy/feed/index.html]
[cbdmedicaltherapy.com/index.php/wp-json/oembed/1.0/embed9f48.json]
[cbdmedicaltherapy.com/index.php/wp-json/oembed/1.0/embed5561]
[cbdmedicaltherapy.com/xmlrpc.php]
[cbdmedicaltherapy.com/index.php/privacy-policy/index.html]
[cbdmedicaltherapy.com/index8571.html]
[cbdmedicaltherapy.com/index.php/wp-json/wp/v2/pages/4290.json]
[cbdmedicaltherapy.com/index.php/terms-and-conditions/index.html]
[cbdmedicaltherapy.com/index.php/wp-json/oembed/1.0/embed74c9.json]
[cbdmedicaltherapy.com/index.php/wp-json/oembed/1.0/embed3c4c]
[cbdmedicaltherapy.com/index.php/es/terminos-y-condiciones/index.html]
[cbdmedicaltherapy.com/index.php/wp-json/wp/v2/pages/96.json]
[cbdmedicaltherapy.com/index.php/wp-json/oembed/1.0/embedd414.json]
[cbdmedicaltherapy.com/index.php/wp-json/oembed/1.0/embedacfc]
[i0.wp.com/cbdmedicaltherapy.com/wp-content/uploads/2020/10/Firma-azul-01-1-1205a.png]
[cbdmedicaltherapy.com/index.php/about-dr-casilda-balmaceda/index.html]
[cbdmedicaltherapy.com/index409e.html]
[cbdmedicaltherapy.com/index.php/shop/index.html]
[cbdmedicaltherapy.com/index.php/es/tienda/index9740.html]
[cbdmedicaltherapy.com/index.php/es/tienda/indexbebf.html]
[cbdmedicaltherapy.com/indexd40d.html]
[cbdmedicaltherapy.com/indexbf4c.html]
[cbdmedicaltherapy.com/index.php/shop/feed/index.html]
[cbdmedicaltherapy.com/index.php/wp-json/wp/v2/pages/99.json]
[cbdmedicaltherapy.com/index.php/shop/index2b08.html]
[cbdmedicaltherapy.com/index.php/shop/index0a67.html]
[cbdmedicaltherapy.com/index.php/wp-json/oembed/1.0/embedd64e.json]
[cbdmedicaltherapy.com/index.php/wp-json/oembed/1.0/embedd80c]
[cbdmedicaltherapy.com/index.php/my-account/index.html]
[cbdmedicaltherapy.com/indexaff3.html]
[c0.wp.com/c/5.9/wp-includes/css/dashicons.min.css]
[c0.wp.com/c/5.9/wp-includes/css/buttons.min.css]
[c0.wp.com/c/5.9/wp-admin/css/forms.min.css]
[c0.wp.com/c/5.9/wp-admin/css/l10n.min.css]
[c0.wp.com/c/5.9/wp-admin/css/login.min.css]
[cbdmedicaltherapy.com/wp-login.html]
[cbdmedicaltherapy.com/wp-loginc2b6.html]
[cbdmedicaltherapy.com/index.php/es/politica-de-privacidad/feed/index.html]
[cbdmedicaltherapy.com/index.php/wp-json/wp/v2/pages/4392.json]
[cbdmedicaltherapy.com/index.php/wp-json/oembed/1.0/embed347d.json]
[cbdmedicaltherapy.com/index.php/wp-json/oembed/1.0/embed5aa2]
[cbdmedicaltherapy.com/index.php/es/politica-de-privacidad/index.html]
[cbdmedicaltherapy.com/index2ebd.html]
[cbdmedicaltherapy.com/index.php/wp-json/wp/v2/product/243.json]
[cbdmedicaltherapy.com/index.php/product/nira-tincture-500mg/feed/index.html]
[cbdmedicaltherapy.com/index.php/wp-json/oembed/1.0/embedc6ed.json]
[cbdmedicaltherapy.com/index.php/wp-json/oembed/1.0/embedca7a]
[cbdmedicaltherapy.com/index.php/product/nira-tincture-500mg/index.html]
[cbdmedicaltherapy.com/index84c1.html]
[cbdmedicaltherapy.com/index.php/product-category/cbd-tincture/index.html]
[cbdmedicaltherapy.com/index.php/product-category/cbd/index.html]
[cbdmedicaltherapy.com/index.php/es/product-category/tinture-de-cbd/feed/index.html]
[cbdmedicaltherapy.com/index.php/product/nira-tincture-500mg/index0a67.html]
[cbdmedicaltherapy.com/index.php/wp-json/wp/v2/product_cat/58.json]
[cbdmedicaltherapy.com/index.php/es/product-category/tinture-de-cbd/index.html]
[cbdmedicaltherapy.com/index.php/wp-json/wp/v2/product_cat/62.json]
[cbdmedicaltherapy.com/index.php/es/product-category/cbd-es/index.html]
[cbdmedicaltherapy.com/index.php/es/product-category/cbd-es/feed/index.html]
[cbdmedicaltherapy.com/index.php/es/product-category/tinture-de-cbd/index9740.html]
[cbdmedicaltherapy.com/index.php/es/product-category/cbd-es/index9740.html]
[cbdmedicaltherapy.com/index.php/wp-json/wp/v2/product_cat/66.json]
[cbdmedicaltherapy.com/index.php/es/product-category/spanish/index.html]
[cbdmedicaltherapy.com/index.php/es/product/tintura-de-cbd/indexbebf.html]
[cbdmedicaltherapy.com/index.php/es/product-category/spanish/feed/index.html]
[cbdmedicaltherapy.com/index.php/es/product-category/cbd-es/indexbebf.html]
[cbdmedicaltherapy.com/index.php/es/product-category/spanish/index9740.html]
[cbdmedicaltherapy.com/index.php/es/product-category/spanish/indexbebf.html]
[cbdmedicaltherapy.com/index.php/wp-json/wp/v2/product/241.json]
[cbdmedicaltherapy.com/index.php/product/nira-softgels-600mg/feed/index.html]
[cbdmedicaltherapy.com/index.php/wp-json/oembed/1.0/embeda1e1.json]
[cbdmedicaltherapy.com/index.php/wp-json/oembed/1.0/embed03e9]
[cbdmedicaltherapy.com/index.php/product/nira-softgels-600mg/index.html]
[cbdmedicaltherapy.com/index29ea.html]
[cbdmedicaltherapy.com/index.php/wp-json/wp/v2/product_cat/60.json]
[cbdmedicaltherapy.com/index.php/es/product-category/capsulas-blandas/index.html]
[cbdmedicaltherapy.com/index.php/es/product-category/capsulas-blandas/feed/index.html]
[cbdmedicaltherapy.com/index.php/es/product/nira-capsulas-blandas-de-600mg-de-cbd/index9740.html]
[cbdmedicaltherapy.com/index.php/es/product/nira-capsulas-blandas-de-600mg-de-cbd/indexbebf.html]
[cbdmedicaltherapy.com/index.php/product/nira-softgels-600mg/index2b08.html]
[cbdmedicaltherapy.com/index.php/product/nira-softgels-600mg/index0a67.html]
[cbdmedicaltherapy.com/index.php/wp-json/wp/v2/product/168.json]
[cbdmedicaltherapy.com/index.php/product/nira-lotion-750mg/feed/index.html]
[cbdmedicaltherapy.com/index.php/wp-json/oembed/1.0/embed7576.json]
[cbdmedicaltherapy.com/index.php/wp-json/oembed/1.0/embede585]
[cbdmedicaltherapy.com/index.php/product/nira-lotion-750mg/index.html]
[cbdmedicaltherapy.com/index942b.html]
[cbdmedicaltherapy.com/index.php/es/product-category/cbd-locion/feed/index.html]
[cbdmedicaltherapy.com/index.php/product-category/cbd-lotion/index.html]
[cbdmedicaltherapy.com/index.php/wp-json/wp/v2/product_cat/52.json]
[cbdmedicaltherapy.com/index.php/es/product-category/cbd-locion/index.html]
[cbdmedicaltherapy.com/index.php/es/product/nira-lotion-750mg-2/index9740.html]
[cbdmedicaltherapy.com/index.php/product/nira-lotion-750mg/index2b08.html]
[cbdmedicaltherapy.com/index.php/es/product-category/cbd-locion/indexbebf.html]
[cbdmedicaltherapy.com/index.php/wp-json/wp/v2/pages/4254.json]
[cbdmedicaltherapy.com/index.php/wp-json/oembed/1.0/embeda393.json]
[cbdmedicaltherapy.com/index.php/wp-json/oembed/1.0/embed05f2]
[cbdmedicaltherapy.com/index.php/faqs/index.html]
[cbdmedicaltherapy.com/index.php/wp-json/wp/v2/pages/3837.json]
[cbdmedicaltherapy.com/index.php/wp-json/oembed/1.0/embed3e7a.json]
[cbdmedicaltherapy.com/index.php/wp-json/oembed/1.0/embed0e57]
[cbdmedicaltherapy.com/index.php/contact/index.html]
[cbdmedicaltherapy.com/index.php/wp-json/wp/v2/pages/97.json]
[cbdmedicaltherapy.com/index.php/wp-json/oembed/1.0/embed314b.json]
[cbdmedicaltherapy.com/index.php/wp-json/oembed/1.0/embedd13b]
[cbdmedicaltherapy.com/index.php/cart/index.html]
[cbdmedicaltherapy.com/index2207.html]
[cbdmedicaltherapy.com/index.php/checkout/index.html]
[cbdmedicaltherapy.com/index.php/terms-and-conditions/feed/index.html]
[cbdmedicaltherapy.com/index.php/wp-json/wp/v2/pages/3918.json]
[cbdmedicaltherapy.com/index.php/wp-json/oembed/1.0/embedb7e5.json]
[cbdmedicaltherapy.com/index.php/wp-json/oembed/1.0/embed4a0b]
[cbdmedicaltherapy.com/index.php/terms-and-conditions/index.html]
[cbdmedicaltherapy.com/index40e8.html]
[cbdmedicaltherapy.com/index6f72.html]
[cbdmedicaltherapy.com/index.php/shop/index2b08.html]
[cbdmedicaltherapy.com/index.php/shop/index0a67.html]
[cbdmedicaltherapy.com/index5401.html]
[cbdmedicaltherapy.com/wp-login.html]
[cbdmedicaltherapy.com/index218b.html]
[cbdmedicaltherapy.com/indexfbc5.html]
[cbdmedicaltherapy.com/index.php/product-category/cbd-tincture/index.html]
[cbdmedicaltherapy.com/index.php/product-category/cbd/index.html]
[cbdmedicaltherapy.com/index.php/product/nira-tincture-500mg/index0a67.html]
[cbdmedicaltherapy.com/index.php/es/product-category/tinture-de-cbd/index9740.html]
[cbdmedicaltherapy.com/index.php/es/product-category/cbd-es/index9740.html]
[cbdmedicaltherapy.com/index.php/es/product-category/cbd-es/indexbebf.html]
[cbdmedicaltherapy.com/index.php/es/product-category/spanish/index9740.html]
[cbdmedicaltherapy.com/index.php/es/product-category/spanish/indexbebf.html]
[cbdmedicaltherapy.com/index03e1.html]
[cbdmedicaltherapy.com/index.php/product/nira-softgels-600mg/index2b08.html]
[cbdmedicaltherapy.com/index.php/product/nira-softgels-600mg/index0a67.html]
[cbdmedicaltherapy.com/indexada0.html]
[cbdmedicaltherapy.com/index.php/product-category/cbd-lotion/index.html]
[cbdmedicaltherapy.com/index.php/product/nira-lotion-750mg/index2b08.html]
[cbdmedicaltherapy.com/index.php/es/product-category/cbd-locion/indexbebf.html]
[cbdmedicaltherapy.com/index850e.html]
[cbdmedicaltherapy.com/index62ba.html]
[cbdmedicaltherapy.com/indexb190.html]
[cbdmedicaltherapy.com/index.php/cart/indexe8d4.html]
[cbdmedicaltherapy.com/index.php/cart/indexffff.html]
[cbdmedicaltherapy.com/index.php/checkout/index.html]
[cbdmedicaltherapy.com/index99b5.html]
[c0.wp.com/c/5.9/wp-includes/js/jquery/jquery-migrate.min.js]
[cbdmedicaltherapy.com/wp-content/themes/astra/assets/css/minified/style.minac9e.css]
[c0.wp.com/c/5.9/wp-includes/js/jquery/jquery.min.js]
[cbdmedicaltherapy.com/wp-content/themes/astra/assets/css/minified/menu-animation.minac9e.css]
[cbdmedicaltherapy.com/wp-content/plugins/elementor/assets/lib/font-awesome/js/v4-shims.mina25a.js]
[cbdmedicaltherapy.com/wp-content/themes/astra/assets/fonts/astra.woff]
[c0.wp.com/c/5.9/wp-includes/css/dist/block-library/style.min.css]
[cbdmedicaltherapy.com/wp-content/plugins/advanced-dynamic-pricing-for-woocommerce-pro/BaseVersion/assets/js/frontend8d18.js]
[cbdmedicaltherapy.com/wp-content/plugins/advanced-dynamic-pricing-for-woocommerce-pro/ProVersion/assets/js/dynamic-price8d18.js]
[cbdmedicaltherapy.com/index.php/wp-json/index.html]
[cbdmedicaltherapy.com/index.php/wp-json/wp/v2/pages/4234.json]
[c0.wp.com/c/5.9/wp-includes/js/mediaelement/mediaelementplayer-legacy.min.css]
[c0.wp.com/c/5.9/wp-includes/js/mediaelement/mejs-controls.svg]
[cbdmedicaltherapy.com/index.php/wp-json/oembed/1.0/embed597a.json]
[c0.wp.com/c/5.9/wp-includes/js/mediaelement/wp-mediaelement.min.css]
[i0.wp.com/cbdmedicaltherapy.com/wp-content/uploads/2020/10/nira_logo_vector-optimized-1baac.gif]
[i0.wp.com/cbdmedicaltherapy.com/wp-content/uploads/2020/08/Nira_Full_Spectrum_Oil_tincture_10_mg-cbdmedicaltherapy_optimizedd9a4.jpg]
[cbdmedicaltherapy.com/wp-content/plugins/woo-gutenberg-products-block/build/wc-blocks-vendors-stylee1b2.css]
[cbdmedicaltherapy.com/index.php/wp-json/oembed/1.0/embededee]
[i0.wp.com/cbdmedicaltherapy.com/wp-content/uploads/2020/08/softgels-product-focus_767f80ed1de2491eeba107feacfec70cd9a4.jpg]
[cbdmedicaltherapy.com/xmlrpc0db0.php]
[cbdmedicaltherapy.com/wp-content/plugins/woo-gutenberg-products-block/build/wc-blocks-stylee1b2.css]
[i0.wp.com/cbdmedicaltherapy.com/wp-content/uploads/2020/08/Llotion_focus_185f5ce394e03a52db28f9165ef5c867d9a4.jpg]
[cbdmedicaltherapy.com/wp-content/themes/astra/assets/css/minified/compatibility/woocommerce/woocommerce-layout.minac9e.css]
[i0.wp.com/cbdmedicaltherapy.com/wp-content/uploads/2020/10/testim-girl-optimized058c.jpg]
[i0.wp.com/cbdmedicaltherapy.com/wp-content/uploads/2020/10/cannabis-optimized354f.png]
[i0.wp.com/cbdmedicaltherapy.com/wp-content/uploads/2020/10/01-CBD-formulado_por_medicos8c1f.jpg]
[i0.wp.com/cbdmedicaltherapy.com/wp-content/uploads/2020/10/testim-man-optimized058c.jpg]
[i0.wp.com/cbdmedicaltherapy.com/wp-content/uploads/2020/10/02-CBD_libre_de_gmo8c1f.jpg]
[cbdmedicaltherapy.com/wp-content/themes/astra/assets/css/minified/compatibility/woocommerce/woocommerce-smallscreen.minac9e.css]
[i0.wp.com/cbdmedicaltherapy.com/wp-content/uploads/2020/10/03-CBD_libre_de_azucar8c1f.jpg]
[i0.wp.com/cbdmedicaltherapy.com/wp-content/uploads/2020/10/04-CBD_libre_de_gluten8c1f.jpg]
[i0.wp.com/cbdmedicaltherapy.com/wp-content/uploads/2020/10/05-CBD_100_vegano8c1f.jpg]
[i0.wp.com/cbdmedicaltherapy.com/wp-content/uploads/2020/10/cbdmedicaltheraphyfavicon-optimdcb9.png]
[i0.wp.com/cbdmedicaltherapy.com/wp-content/uploads/2019/07/cbd-medicaltheraphy-logo-footera60f.png]
[c0.wp.com/p/jetpack/10.6/_inc/build/photon/photon.min.js]
[c0.wp.com/p/woocommerce/6.1.1/assets/js/jquery-blockui/jquery.blockUI.min.js]
[cbdmedicaltherapy.com/wp-content/plugins/woocommerce/assets/fonts/star.eot]
[c0.wp.com/p/woocommerce/6.1.1/assets/js/frontend/add-to-cart.min.js]
[c0.wp.com/p/woocommerce/6.1.1/assets/js/js-cookie/js.cookie.min.js]
[c0.wp.com/p/woocommerce/6.1.1/assets/js/frontend/woocommerce.min.js]
[c0.wp.com/p/woocommerce/6.1.1/assets/js/frontend/cart-fragments.min.js]
[cbdmedicaltherapy.com/wp-content/plugins/woocommerce/assets/fonts/stard41d.eot]
[cbdmedicaltherapy.com/wp-content/plugins/woocommerce/assets/fonts/star.woff]
[cbdmedicaltherapy.com/wp-content/themes/astra/assets/js/minified/style.minac9e.js]
[cbdmedicaltherapy.com/wp-content/plugins/woocommerce/assets/fonts/star.ttf]
[cbdmedicaltherapy.com/wp-content/plugins/jetpack/jetpack_vendor/automattic/jetpack-lazy-images/dist/lazy-imagesa096.js]
[cbdmedicaltherapy.com/wp-content/plugins/jetpack/jetpack_vendor/automattic/jetpack-lazy-images/dist/intersection-observer6657.js]
[cbdmedicaltherapy.com/wp-content/plugins/elementor/assets/js/webpack.runtime.mina25a.js]
[c0.wp.com/c/5.9/wp-includes/js/jquery/ui/core.min.js]
[cbdmedicaltherapy.com/wp-content/plugins/woocommerce/assets/fonts/WooCommerce.eot]
[cbdmedicaltherapy.com/wp-content/plugins/elementor/assets/js/frontend-modules.mina25a.js]
[cbdmedicaltherapy.com/wp-content/plugins/woocommerce/assets/fonts/WooCommerced41d.eot]
[cbdmedicaltherapy.com/wp-content/plugins/elementor/assets/lib/waypoints/waypoints.min05da.js]
[cbdmedicaltherapy.com/wp-content/plugins/elementor/assets/lib/swiper/swiper.min48f5.js]
[cbdmedicaltherapy.com/wp-content/plugins/woocommerce/assets/fonts/WooCommerce.da.delayed]
[cbdmedicaltherapy.com/wp-content/plugins/elementor/assets/lib/share-link/share-link.mina25a.js]
[cbdmedicaltherapy.com/wp-content/plugins/woocommerce/assets/fonts/WooCommerce.ttf]
[cbdmedicaltherapy.com/wp-content/plugins/elementor/assets/lib/dialog/dialog.mind227.js]
[c0.wp.com/c/5.9/wp-includes/js/underscore.min.js]
[c0.wp.com/c/5.9/wp-includes/js/wp-util.min.js]
[cbdmedicaltherapy.com/wp-content/plugins/elementor/assets/js/frontend.mina25a.js]
[cbdmedicaltherapy.com/wp-content/plugins/elementor/assets/js/preloaded-modules.mina25a.js]
[cbdmedicaltherapy.com/wp-content/plugins/wpforms-lite/assets/js/integrations/elementor/frontend.mine3d1.js]
[cbdmedicaltherapy.com/wp-content/plugins/woocommerce/assets/css/photoswipe/default-skin/default-skin.png]
[cbdmedicaltherapy.com/index.php/wp-json/wp/v2/pages/4236.json]
[cbdmedicaltherapy.com/index.php/wp-json/oembed/1.0/embedfbe2.json]
[i0.wp.com/cbdmedicaltherapy.com/wp-content/uploads/2020/10/Firma-azul-01-1205a.png]
[cbdmedicaltherapy.com/index.php/wp-json/oembed/1.0/embed3f81]
[cbdmedicaltherapy.com/index.php/wp-json/oembed/1.0/embedfc5a.json]
[cbdmedicaltherapy.com/index.php/wp-json/wp/v2/pages/3360.json]
[cbdmedicaltherapy.com/index.php/es/tienda/feed/index.html]
[cbdmedicaltherapy.com/index.php/wp-json/oembed/1.0/embed5573]
[cbdmedicaltherapy.com/index.php/wp-json/oembed/1.0/embed41fd.json]
[cbdmedicaltherapy.com/index.php/wp-json/wp/v2/pages/4266.json]
[cbdmedicaltherapy.com/index.php/wp-json/oembed/1.0/embed55db]
[cbdmedicaltherapy.com/wp-content/plugins/wpforms-lite/assets/js/jquery.validate.min6134.js]
[cbdmedicaltherapy.com/wp-content/plugins/wpforms-lite/assets/js/mailcheck.mincfa9.js]
[cbdmedicaltherapy.com/wp-content/plugins/wpforms-lite/assets/js/punycode.min8a54.js]
[cbdmedicaltherapy.com/wp-content/plugins/wpforms-lite/assets/js/wpforms.mine3d1.js]
[c0.wp.com/p/woocommerce/6.1.1/assets/js/selectWoo/selectWoo.full.min.js]
[cbdmedicaltherapy.com/index.php/wp-json/wp/v2/pages/4321.json]
[cbdmedicaltherapy.com/index.php/wp-json/oembed/1.0/embed0209.json]
[cbdmedicaltherapy.com/index.php/wp-json/oembed/1.0/embed28fd]
[cbdmedicaltherapy.com/wp-content/themes/astra/assets/css/minified/compatibility/woocommerce/woocommerce.minac9e.css]
[cbdmedicaltherapy.com/index.php/wp-json/wp/v2/pages/4298.json]
[c0.wp.com/p/woocommerce/6.1.1/assets/js/frontend/country-select.min.js]
[cbdmedicaltherapy.com/wp-content/plugins/header-footer-elementor/assets/css/header-footer-elementor544c.css]
[cbdmedicaltherapy.com/index.php/wp-json/oembed/1.0/embed4d31.json]
[c0.wp.com/p/woocommerce/6.1.1/assets/js/frontend/address-i18n.min.js]
[c0.wp.com/p/woocommerce/6.1.1/assets/js/frontend/cart.min.js]
[cbdmedicaltherapy.com/wp-content/plugins/elementor/assets/lib/eicons/fonts/eiconsdc2c.eot]
[cbdmedicaltherapy.com/index.php/wp-json/oembed/1.0/embed88f6]
[cbdmedicaltherapy.com/wp-content/plugins/elementor/assets/lib/eicons/fonts/eiconsdc2c.woff2]
[cbdmedicaltherapy.com/index.php/wp-json/wp/v2/product/4311.json]
[cbdmedicaltherapy.com/index.php/es/product/tintura-de-cbd/feed/index.html]
[cbdmedicaltherapy.com/index.php/wp-json/oembed/1.0/embedbef0.json]
[cbdmedicaltherapy.com/wp-content/plugins/elementor/assets/lib/eicons/fonts/eiconsdc2c.woff]
[i0.wp.com/cbdmedicaltherapy.com/wp-content/uploads/2020/08/tincture_front_bottle_np-03-fixedd9a4.jpg]
[i0.wp.com/cbdmedicaltherapy.com/wp-content/uploads/2020/08/tincture_back_bottle_np-03-fixedd9a4.jpg]
[cbdmedicaltherapy.com/wp-content/plugins/elementor/assets/lib/eicons/fonts/eiconsdc2c.ttf]
[i0.wp.com/cbdmedicaltherapy.com/wp-content/uploads/2020/08/tincture_hand_np-03-fixedd9a4.jpg]
[cbdmedicaltherapy.com/index.php/wp-json/oembed/1.0/embeda562]
[cbdmedicaltherapy.com/wp-content/plugins/woocommerce-dynamic-gallery/assets/images/blank.gif]
[cbdmedicaltherapy.com/wp-content/plugins/elementor/assets/lib/eicons/css/elementor-icons.mine900.css]
[cbdmedicaltherapy.com/wp-content/uploads/2020/07/Nira-Tincture230a.mp4]
[cbdmedicaltherapy.com/wp-content/plugins/elementor/assets/css/frontend-legacy.mina25a.css]
[cbdmedicaltherapy.com/wp-content/uploads/2020/07/Nira-Tincture.mp4]
[c0.wp.com/c/5.9/wp-includes/js/comment-reply.min.js]
[cbdmedicaltherapy.com/wp-content/plugins/elementor/assets/css/frontend.mina25a.css]
[c0.wp.com/p/woocommerce/6.1.1/assets/js/zoom/jquery.zoom.min.js]
[c0.wp.com/p/woocommerce/6.1.1/assets/js/flexslider/jquery.flexslider.min.js]
[cbdmedicaltherapy.com/wp-content/uploads/elementor/css/post-30498258.css]
[cbdmedicaltherapy.com/wp-content/plugins/woocommerce-dynamic-gallery/assets/js/mygallery/jquery.a3-dgallery5b0a.js]
[cbdmedicaltherapy.com/wp-content/plugins/woocommerce-dynamic-gallery/assets/js/fancybox/jquery.fancybox.minc412.js]
[cbdmedicaltherapy.com/wp-content/plugins/powerpack-lite-for-elementor/assets/css/min/frontend.min91ac.css]
[c0.wp.com/p/woocommerce/6.1.1/assets/js/photoswipe/photoswipe.min.js]
[c0.wp.com/p/woocommerce/6.1.1/assets/js/photoswipe/photoswipe-ui-default.min.js]
[c0.wp.com/p/woocommerce/6.1.1/assets/js/frontend/single-product.min.js]
[c0.wp.com/c/5.9/wp-includes/js/mediaelement/mediaelement-and-player.min.js]
[niracbd.com/wp-content/uploads/2019/10/Nira-tincture-CoA_Page_1-scaled.jpg]
[c0.wp.com/c/5.9/wp-includes/js/mediaelement/mediaelement-migrate.min.js]
[c0.wp.com/c/5.9/wp-includes/js/mediaelement/wp-mediaelement.min.js]
[c0.wp.com/c/5.9/wp-includes/js/mediaelement/renderers/vimeo.min.js]
[cbdmedicaltherapy.com/wp-content/plugins/wpforms-lite/assets/css/wpforms-base.mine3d1.css]
[cbdmedicaltherapy.com/index.php/wp-json/wp/v2/product/4371.json]
[cbdmedicaltherapy.com/index.php/es/product/nira-capsulas-blandas-de-600mg-de-cbd/feed/index.html]
[cbdmedicaltherapy.com/index.php/wp-json/oembed/1.0/embed2131.json]
[cbdmedicaltherapy.com/index.php/wp-json/oembed/1.0/embed1a5b]
[niracbd.com/wp-content/uploads/2019/10/Nira-softgel-CoA_Page_1-scaled.jpg]
[cbdmedicaltherapy.com/wp-content/plugins/elementor/assets/lib/font-awesome/webfonts/fa-brands-400.eot]
[cbdmedicaltherapy.com/wp-content/uploads/2018/06/Nira-Softgels230a.mp4]
[cbdmedicaltherapy.com/wp-content/uploads/2018/06/Nira-Softgels.mp4]
[cbdmedicaltherapy.com/wp-content/plugins/elementor/assets/lib/font-awesome/webfonts/fa-brands-400.eed41d.delayed]
[cbdmedicaltherapy.com/index.php/wp-json/wp/v2/product/4304.json]
[cbdmedicaltherapy.com/index.php/es/product/nira-lotion-750mg-2/feed/index.html]
[cbdmedicaltherapy.com/wp-content/plugins/elementor/assets/lib/font-awesome/webfonts/fa-brands-400.woff2]
[cbdmedicaltherapy.com/index.php/wp-json/oembed/1.0/embedf492.json]
[cbdmedicaltherapy.com/wp-content/plugins/elementor/assets/lib/font-awesome/webfonts/fa-brands-400.woff]
[cbdmedicaltherapy.com/index.php/wp-json/oembed/1.0/embedf38c]
[cbdmedicaltherapy.com/wp-content/uploads/2018/06/Nira-Lotion230a.mp4]
[niracbd.com/wp-content/uploads/2019/10/Nira-cream-CoA_Page_1-scaled.jpg]
[cbdmedicaltherapy.com/wp-content/plugins/elementor/assets/lib/font-awesome/webfonts/fa-brands-400.ttf]
[cbdmedicaltherapy.com/wp-content/uploads/2018/06/Nira-Lotion.mp4]
[cbdmedicaltherapy.com/index.php/feed/index.html]
[cbdmedicaltherapy.com/index.php/comments/feed/index.html]
[cbdmedicaltherapy.com/wp-content/plugins/elementor/assets/lib/font-awesome/webfonts/fa-regular-400.f3.delayed]
[cbdmedicaltherapy.com/index.php/privacy-policy/feed/index.html]
[cbdmedicaltherapy.com/wp-content/plugins/elementor/assets/lib/font-awesome/webfonts/fa-regular-400d41d.eot]
[cbdmedicaltherapy.com/index.php/wp-json/wp/v2/pages/3.json]
[cbdmedicaltherapy.com/index.php/wp-json/oembed/1.0/embed9f48.json]
[cbdmedicaltherapy.com/index.php/wp-json/oembed/1.0/embed5561]
[cbdmedicaltherapy.com/wp-content/plugins/elementor/assets/lib/font-awesome/webfonts/fa-regular-400.woff2]
[cbdmedicaltherapy.com/index.php/wp-json/wp/v2/pages/4290.json]
[cbdmedicaltherapy.com/index.php/wp-json/oembed/1.0/embed3c4c]
[cbdmedicaltherapy.com/index.php/wp-json/oembed/1.0/embed74c9.json]
[cbdmedicaltherapy.com/wp-content/plugins/elementor/assets/lib/font-awesome/webfonts/fa-regular-400.woff]
[cbdmedicaltherapy.com/xmlrpc.php]
[cbdmedicaltherapy.com/wp-content/plugins/elementor/assets/lib/font-awesome/webfonts/fa-regular-400.ttf]
[i0.wp.com/cbdmedicaltherapy.com/wp-content/uploads/2020/10/Firma-azul-01-1-1205a.png]
[cbdmedicaltherapy.com/index.php/wp-json/oembed/1.0/embedd414.json]
[cbdmedicaltherapy.com/index.php/wp-json/wp/v2/pages/96.json]
[cbdmedicaltherapy.com/index.php/wp-json/oembed/1.0/embedacfc]
[cbdmedicaltherapy.com/wp-content/plugins/elementor/assets/lib/font-awesome/webfonts/fa-solid-900.eot]
[cbdmedicaltherapy.com/index.php/shop/feed/index.html]
[cbdmedicaltherapy.com/index.php/wp-json/wp/v2/pages/99.json]
[cbdmedicaltherapy.com/index.php/wp-json/oembed/1.0/embedd64e.json]
[cbdmedicaltherapy.com/wp-content/plugins/elementor/assets/lib/font-awesome/webfonts/fa-solid-900d41d.eot]
[cbdmedicaltherapy.com/wp-content/plugins/elementor/assets/lib/font-awesome/webfonts/fa-solid-900.woff2]
[cbdmedicaltherapy.com/index.php/wp-json/oembed/1.0/embedd80c]
[cbdmedicaltherapy.com/wp-content/plugins/elementor/assets/lib/font-awesome/webfonts/fa-solid-900.woff]
[cbdmedicaltherapy.com/index.php/es/politica-de-privacidad/feed/index.html]
[cbdmedicaltherapy.com/index.php/wp-json/wp/v2/pages/4392.json]
[cbdmedicaltherapy.com/wp-content/plugins/elementor/assets/lib/font-awesome/webfonts/fa-solid-900.ttf]
[cbdmedicaltherapy.com/index.php/wp-json/oembed/1.0/embed347d.json]
[cbdmedicaltherapy.com/index.php/wp-json/oembed/1.0/embed5aa2]
[cbdmedicaltherapy.com/index.php/product/nira-tincture-500mg/feed/index.html]
[cbdmedicaltherapy.com/index.php/wp-json/wp/v2/product/243.json]
[cbdmedicaltherapy.com/index.php/wp-json/oembed/1.0/embedc6ed.json]
[cbdmedicaltherapy.com/index.php/wp-json/oembed/1.0/embedca7a]
[cbdmedicaltherapy.com/wp-content/plugins/elementor/assets/lib/font-awesome/css/all.mina25a.css]
[cbdmedicaltherapy.com/wp-content/plugins/elementor/assets/lib/font-awesome/css/v4-shims.mina25a.css]
[cbdmedicaltherapy.com/index.php/wp-json/wp/v2/product_cat/58.json]
[cbdmedicaltherapy.com/index.php/es/product-category/tinture-de-cbd/feed/index.html]
[cbdmedicaltherapy.com/index.php/es/product-category/cbd-es/feed/index.html]
[cbdmedicaltherapy.com/wp-content/uploads/2020/10/headache-against_cancer_pain_control_use_CBD_cannabis-extract-optimized.jpg]
[cbdmedicaltherapy.com/index.php/wp-json/wp/v2/product_cat/62.json]
[cbdmedicaltherapy.com/index.php/es/product-category/spanish/feed/index.html]
[cbdmedicaltherapy.com/wp-content/uploads/2020/10/green-bar-fixed-sup-opt-1.jpg]
[cbdmedicaltherapy.com/index.php/wp-json/wp/v2/product_cat/66.json]
[cbdmedicaltherapy.com/wp-content/uploads/2020/10/Nira-what-is-optimized.jpg]
[cbdmedicaltherapy.com/index.php/product/nira-softgels-600mg/feed/index.html]
[cbdmedicaltherapy.com/wp-content/uploads/2020/10/cbd-is-safe-fixed_30862af2d10e07d2ee7f8d629e12c202.jpg]
[cbdmedicaltherapy.com/index.php/wp-json/wp/v2/product/241.json]
[cbdmedicaltherapy.com/index.php/wp-json/oembed/1.0/embeda1e1.json]
[cbdmedicaltherapy.com/wp-content/uploads/2020/10/maxresdefault-fixed-optimized.jpg]
[cbdmedicaltherapy.com/index.php/wp-json/oembed/1.0/embed03e9]
[cbdmedicaltherapy.com/wp-content/uploads/2020/10/active-01-acordion_background-optimized.jpg]
[cbdmedicaltherapy.com/index.php/es/product-category/capsulas-blandas/feed/index.html]
[cbdmedicaltherapy.com/wp-content/uploads/2020/10/hover-01acordion_background-vrd-optimized.jpg]
[cbdmedicaltherapy.com/index.php/wp-json/wp/v2/product_cat/60.json]
[cbdmedicaltherapy.com/wp-content/uploads/2020/10/active-02acordion_background-optimized.jpg]
[cbdmedicaltherapy.com/index.php/product/nira-lotion-750mg/feed/index.html]
[cbdmedicaltherapy.com/wp-content/uploads/2020/10/hover-02acordion_background-vrd-optimized.jpg]
[cbdmedicaltherapy.com/index.php/wp-json/wp/v2/product/168.json]
[cbdmedicaltherapy.com/wp-content/uploads/2020/10/active-03acordion_background-optimized.jpg]
[cbdmedicaltherapy.com/index.php/wp-json/oembed/1.0/embed7576.json]
[cbdmedicaltherapy.com/wp-content/uploads/2020/10/hover-03acordion_background-vrd-optimized.jpg]
[cbdmedicaltherapy.com/index.php/wp-json/oembed/1.0/embede585]
[cbdmedicaltherapy.com/wp-content/uploads/2020/10/active-04acordion_background-optimized.jpg]
[cbdmedicaltherapy.com/index.php/es/product-category/cbd-locion/feed/index.html]
[cbdmedicaltherapy.com/index.php/wp-json/wp/v2/product_cat/52.json]
[cbdmedicaltherapy.com/wp-content/uploads/2020/10/hover-04acordion_background-vrd-optimized.jpg]
[cbdmedicaltherapy.com/index.php/wp-json/wp/v2/pages/4254.json]
[cbdmedicaltherapy.com/wp-content/uploads/2020/10/active-05acordion_background-optimized.jpg]
[cbdmedicaltherapy.com/index.php/wp-json/oembed/1.0/embeda393.json]
[cbdmedicaltherapy.com/wp-content/uploads/2020/10/hover-05acordion_background-vrd-Optimized.jpg]
[cbdmedicaltherapy.com/index.php/wp-json/oembed/1.0/embed05f2]
[cbdmedicaltherapy.com/wp-content/uploads/2020/10/active-06acordion_background-optimized.jpg]
[cbdmedicaltherapy.com/index.php/wp-json/oembed/1.0/embed3e7a.json]
[cbdmedicaltherapy.com/wp-content/uploads/2020/10/hover-06acordion_background-vrd-Optimized.jpg]
[cbdmedicaltherapy.com/index.php/wp-json/wp/v2/pages/3837.json]
[cbdmedicaltherapy.com/index.php/wp-json/oembed/1.0/embed0e57]
[cbdmedicaltherapy.com/wp-content/uploads/2020/10/cbd-side-effects-3.jpg]
[cbdmedicaltherapy.com/index.php/wp-json/wp/v2/pages/97.json]
[cbdmedicaltherapy.com/wp-content/uploads/2020/10/cbd-side-effects-hover.jpg]
[cbdmedicaltherapy.com/index.php/wp-json/oembed/1.0/embed314b.json]
[cbdmedicaltherapy.com/wp-content/uploads/2020/10/cannabis-sheet_optimized.jpg]
[cbdmedicaltherapy.com/index.php/wp-json/oembed/1.0/embedd13b]
[cbdmedicaltherapy.com/index.php/terms-and-conditions/feed/index.html]
[cbdmedicaltherapy.com/wp-content/uploads/2020/10/felicidad-opt.jpg]
[cbdmedicaltherapy.com/index.php/wp-json/wp/v2/pages/3918.json]
[cbdmedicaltherapy.com/wp-content/uploads/2020/10/headache-against_cancer_pain_control_use_CBD_cannabis-extract-optimized-1.jpg]
[cbdmedicaltherapy.com/index.php/wp-json/oembed/1.0/embedb7e5.json]
[cbdmedicaltherapy.com/wp-content/uploads/2020/10/headache-against_cancer_pain_control_CBD_cannabis-extract_mobile-optimezed-1.jpg]
[cbdmedicaltherapy.com/index.php/wp-json/oembed/1.0/embed4a0b]
[cbdmedicaltherapy.com/wp-content/plugins/woocommerce/assets/fonts/star.eot]
[cbdmedicaltherapy.com/wp-content/uploads/2020/10/green-bar-movil-01-fixed.jpg]
[cbdmedicaltherapy.com/wp-content/plugins/woocommerce/assets/fonts/stard41d.eot]
[cbdmedicaltherapy.com/wp-content/uploads/2020/10/cbd-is-safe-fixed_30862af2d10e07d2ee7f8d629e12c202-1.jpg]
[cbdmedicaltherapy.com/wp-content/uploads/elementor/css/post-42347938.css]
[cbdmedicaltherapy.com/wp-content/plugins/woocommerce/assets/fonts/star.woff]
[cbdmedicaltherapy.com/wp-content/plugins/woocommerce/assets/fonts/star.ttf]
[cbdmedicaltherapy.com/wp-content/plugins/header-footer-elementor/inc/widgets-css/frontend544c.css]
[cbdmedicaltherapy.com/wp-content/plugins/woocommerce/assets/fonts/WooCommerce.woff]
[cbdmedicaltherapy.com/wp-content/plugins/woocommerce/assets/fonts/WooCommerce.eot]
[cbdmedicaltherapy.com/wp-content/uploads/elementor/css/post-43867938.css]
[cbdmedicaltherapy.com/wp-content/plugins/woocommerce/assets/fonts/WooCommerced41d.eot]
[cbdmedicaltherapy.com/wp-content/plugins/woocommerce/assets/fonts/WooCommerce.ttf]
[cbdmedicaltherapy.com/wp-content/plugins/woocommerce/assets/css/photoswipe/default-skin/default-skin.png]
[cbdmedicaltherapy.com/wp-content/plugins/elementor/assets/lib/font-awesome/css/fontawesome.min52d5.css]
[cbdmedicaltherapy.com/wp-content/plugins/elementor/assets/lib/eicons/fonts/eiconsdc2c.eot]
[cbdmedicaltherapy.com/wp-content/plugins/elementor/assets/lib/eicons/fonts/eiconsdc2c.woff2]
[cbdmedicaltherapy.com/wp-content/plugins/elementor/assets/lib/font-awesome/css/solid.min52d5.css]
[cbdmedicaltherapy.com/wp-content/plugins/elementor/assets/lib/font-awesome/webfonts/fa-brands-400d41d.eot]
[cbdmedicaltherapy.com/wp-content/plugins/elementor/assets/lib/eicons/fonts/eiconsdc2c.woff]
[cbdmedicaltherapy.com/wp-content/plugins/elementor/assets/lib/font-awesome/css/brands.min52d5.css]
[cbdmedicaltherapy.com/wp-content/plugins/elementor/assets/lib/eicons/fonts/eiconsdc2c.ttf]
[cbdmedicaltherapy.com/wp-content/plugins/elementor/assets/lib/font-awesome/webfonts/fa-brands-400.eot]
[cbdmedicaltherapy.com/wp-content/plugins/elementor/assets/lib/font-awesome/webfonts/fa-regular-400.eot]
[c0.wp.com/p/jetpack/10.6/modules/shortcodes/img/slideshow-controls.png]
[cbdmedicaltherapy.com/wp-content/plugins/elementor/assets/lib/font-awesome/webfonts/fa-brands-400.woff2]
[cbdmedicaltherapy.com/wp-content/plugins/elementor/assets/lib/font-awesome/webfonts/fa-brands-400.woff]
[c0.wp.com/p/jetpack/10.6/modules/shortcodes/img/slideshow-controls-2x.png]
[cbdmedicaltherapy.com/wp-content/plugins/elementor/assets/lib/font-awesome/webfonts/fa-brands-400.ttf]
[c0.wp.com/p/jetpack/10.6/modules/shortcodes/images/slide-nav.png]
[cbdmedicaltherapy.com/wp-content/plugins/elementor/assets/lib/font-awesome/webfonts/fa-regular-400d41d.eot]
[c0.wp.com/p/jetpack/10.6/modules/shortcodes/images/expand.png]
[cbdmedicaltherapy.com/wp-content/plugins/elementor/assets/lib/font-awesome/webfonts/fa-regular-400.woff2]
[c0.wp.com/p/jetpack/10.6/modules/shortcodes/images/collapse.png]
[cbdmedicaltherapy.com/wp-content/plugins/elementor/assets/lib/font-awesome/webfonts/fa-regular-400.woff]
[secure.gravatar.com/images/grav-share-sprite.png]
[c0.wp.com/p/jetpack/10.6/css/jetpack.css]
[cbdmedicaltherapy.com/wp-content/plugins/elementor/assets/lib/font-awesome/webfonts/fa-regular-400.ttf]
[cbdmedicaltherapy.com/wp-content/plugins/elementor/assets/lib/font-awesome/webfonts/fa-solid-900.eot]
[cbdmedicaltherapy.com/wp-content/plugins/elementor/assets/lib/font-awesome/webfonts/fa-solid-900d41d.eot]
[cbdmedicaltherapy.com/wp-content/plugins/profile-builder/assets/images/sorting-default.png]
[cbdmedicaltherapy.com/wp-content/plugins/elementor/assets/lib/font-awesome/webfonts/fa-solid-900.woff2]
[cbdmedicaltherapy.com/wp-content/plugins/profile-builder/assets/images/sorting-ascending.png]
[cbdmedicaltherapy.com/wp-content/plugins/elementor/assets/lib/font-awesome/webfonts/fa-solid-900.woff]
[cbdmedicaltherapy.com/wp-content/plugins/profile-builder/assets/images/sorting-descending.png]
[cbdmedicaltherapy.com/wp-content/plugins/profile-builder/assets/css/style-front-enda767.css]
[cbdmedicaltherapy.com/wp-content/plugins/elementor/assets/lib/font-awesome/webfonts/fa-solid-900.ttf]
[cbdmedicaltherapy.com/wp-content/uploads/2020/10/headache-against_cancer_pain_control_use_CBD_cannabis-extract-optimized.jpg]
[cbdmedicaltherapy.com/wp-content/uploads/2020/10/green-bar-fixed-sup-opt-1.jpg]
[cbdmedicaltherapy.com/wp-content/uploads/2020/10/Nira-what-is-optimized.jpg]
[cbdmedicaltherapy.com/wp-content/plugins/advanced-dynamic-pricing-for-woocommerce-pro/BaseVersion/assets/images/spinner-2x.gif]
[cbdmedicaltherapy.com/wp-content/plugins/advanced-dynamic-pricing-for-woocommerce-pro/BaseVersion/assets/css/pricing-table8d18.css]
[cbdmedicaltherapy.com/wp-content/uploads/2020/10/cbd-is-safe-fixed_30862af2d10e07d2ee7f8d629e12c202.jpg]
[cbdmedicaltherapy.com/wp-content/uploads/2020/10/maxresdefault-fixed-optimized.jpg]
[cbdmedicaltherapy.com/wp-content/plugins/advanced-dynamic-pricing-for-woocommerce-pro/BaseVersion/assets/css/deals-table8d18.css]
[cbdmedicaltherapy.com/wp-content/uploads/2020/10/active-01-acordion_background-optimized.jpg]
[cbdmedicaltherapy.com/wp-content/uploads/2020/10/hover-01acordion_background-vrd-optimized.jpg]
[cbdmedicaltherapy.com/wp-includes/wlwmanifest.html]
[cbdmedicaltherapy.com/wp-content/uploads/2020/10/active-02acordion_background-optimized.jpg]
[cbdmedicaltherapy.com/wp-content/uploads/2020/10/hover-02acordion_background-vrd-optimized.jpg]
[cbdmedicaltherapy.com/wp-content/uploads/2020/10/cbd-logo-nuevo-optimized-01.svg]
[cbdmedicaltherapy.com/wp-content/uploads/2020/10/active-03acordion_background-optimized.jpg]
[cbdmedicaltherapy.com/wp-content/uploads/2020/10/gotas-logo-cbd.svg]
[cbdmedicaltherapy.com/wp-content/uploads/2020/10/hover-03acordion_background-vrd-optimized.jpg]
[cbdmedicaltherapy.com/wp-content/uploads/2020/10/active-04acordion_background-optimized.jpg]
[cbdmedicaltherapy.com/wp-content/uploads/2020/10/active-05acordion_background-optimized.jpg]
[cbdmedicaltherapy.com/wp-content/uploads/2020/10/hover-04acordion_background-vrd-optimized.jpg]
[cbdmedicaltherapy.com/index.php/es/inicio/index9740.html]
[cbdmedicaltherapy.com/wp-content/uploads/2020/10/hover-05acordion_background-vrd-Optimized.jpg]
[cbdmedicaltherapy.com/wp-content/uploads/2020/10/active-06acordion_background-optimized.jpg]
[cbdmedicaltherapy.com/wp-content/uploads/2020/10/hover-06acordion_background-vrd-Optimized.jpg]
[cbdmedicaltherapy.com/wp-content/uploads/2020/10/cbd-side-effects-3.jpg]
[cbdmedicaltherapy.com/index.php/es/product/nira-lotion-750mg-2/index.html]
[cbdmedicaltherapy.com/wp-content/uploads/2020/10/cannabis-sheet_optimized.jpg]
[cbdmedicaltherapy.com/wp-content/uploads/2020/10/cbd-side-effects-hover.jpg]
[cbdmedicaltherapy.com/wp-content/uploads/2020/10/headache-against_cancer_pain_control_use_CBD_cannabis-extract-optimized-1.jpg]
[cbdmedicaltherapy.com/wp-content/uploads/2020/10/headache-against_cancer_pain_control_CBD_cannabis-extract_mobile-optimezed-1.jpg]
[cbdmedicaltherapy.com/wp-content/uploads/2020/10/green-bar-movil-01-fixed.jpg]
[cbdmedicaltherapy.com/wp-content/uploads/2020/10/cbd-is-safe-fixed_30862af2d10e07d2ee7f8d629e12c202-1.jpg]
[cbdmedicaltherapy.com/index.php/es/inicio/indexbebf.html]
[c0.wp.com/p/jetpack/10.6/modules/shortcodes/img/slideshow-controls.png]
[c0.wp.com/p/jetpack/10.6/modules/shortcodes/img/slideshow-controls-2x.png]
[c0.wp.com/p/jetpack/10.6/modules/shortcodes/images/slide-nav.png]
[c0.wp.com/p/jetpack/10.6/modules/shortcodes/images/expand.png]
[cbdmedicaltherapy.com/index.php/frecuently-ask-questios/index.html]
[cbdmedicaltherapy.com/wp-content/plugins/profile-builder/assets/images/sorting-default.png]
[cbdmedicaltherapy.com/wp-content/plugins/profile-builder/assets/images/sorting-ascending.png]
[cbdmedicaltherapy.com/index.php/privacy-policy/index.html]
[cbdmedicaltherapy.com/wp-content/plugins/profile-builder/assets/images/sorting-descending.png]
[cbdmedicaltherapy.com/wp-content/plugins/elementor/assets/lib/animations/animations.mina25a.css]
[cbdmedicaltherapy.com/wp-content/plugins/advanced-dynamic-pricing-for-woocommerce-pro/BaseVersion/assets/images/spinner-2x.gif]
[cbdmedicaltherapy.com/index.php/about-dr-casilda-balmaceda/index.html]
[secure.gravatar.com/images/grav-share-sprite.png]
[c0.wp.com/p/jetpack/10.6/modules/shortcodes/images/collapse.png]
[cbdmedicaltherapy.com/wp-content/uploads/2020/10/Dr_casilda_balmaceda_optimized.jpg]
[cbdmedicaltherapy.com/wp-content/uploads/2020/10/shadow-optimized.jpg]
[cbdmedicaltherapy.com/wp-content/uploads/elementor/css/post-4236fba2.css]
[cbdmedicaltherapy.com/index409e.html]
[cbdmedicaltherapy.com/index.php/shop/index.html]
[cbdmedicaltherapy.com/index.php/es/tienda/index9740.html]
[cbdmedicaltherapy.com/wp-content/plugins/astra-widgets/assets/css/minified/astra-widget-social-profiles.min077c.css]
[cbdmedicaltherapy.com/wp-content/uploads/2020/10/Products-1-1-scaled-fixed.jpg]
[cbdmedicaltherapy.com/wp-content/uploads/elementor/css/post-33604d2a.css]
[cbdmedicaltherapy.com/wp-content/uploads/2020/10/cannabis-sheet-03-plane-fixed.html]
[cbdmedicaltherapy.com/indexd40d.html]
[cbdmedicaltherapy.com/wp-content/uploads/2020/07/gotas-logo-cbd.html]
[cbdmedicaltherapy.com/wp-content/uploads/2020/10/contactcbdmedicaltherapy-optimized.jpg]
[cbdmedicaltherapy.com/wp-content/uploads/elementor/css/post-4266145d.css]
[cbdmedicaltherapy.com/indexbf4c.html]
[i0.wp.com/cbdmedicaltherapy.com/wp-content/uploads/2020/07/drops5304.html]
[cbdmedicaltherapy.com/index.php/my-account/index.html]
[c0.wp.com/p/woocommerce/6.1.1/assets/css/select2.css]
[cbdmedicaltherapy.com/indexaff3.html]
[cbdmedicaltherapy.com/wp-loginc2b6.html]
[cbdmedicaltherapy.com/index2ebd.html]
[cbdmedicaltherapy.com/index.php/product/nira-tincture-500mg/index.html]
[cbdmedicaltherapy.com/wp-content/plugins/woocommerce-dynamic-gallery/admin/assets/fonts/fontawesome-webfont3295.eot]
[cbdmedicaltherapy.com/wp-content/plugins/woocommerce-dynamic-gallery/admin/assets/fonts/fontawesome-webfontd41d.eot]
[cbdmedicaltherapy.com/wp-content/plugins/woocommerce-dynamic-gallery/admin/assets/fonts/fontawesome-webfont3295.woff2]
[cbdmedicaltherapy.com/wp-content/plugins/woocommerce-dynamic-gallery/admin/assets/fonts/fontawesome-webfont3295.woff]
[cbdmedicaltherapy.com/wp-content/plugins/woocommerce-dynamic-gallery/admin/assets/fonts/fontawesome-webfont3295.ttf]
[cbdmedicaltherapy.com/wp-content/plugins/woocommerce-dynamic-gallery/admin/assets/css/font-awesome.min268f.css]
[cbdmedicaltherapy.com/wp-content/plugins/woocommerce-dynamic-gallery/assets/js/mygallery/tn3.html]
[cbdmedicaltherapy.com/wp-content/plugins/woocommerce-dynamic-gallery/assets/js/mygallery/loader.gif]
[cbdmedicaltherapy.com/wp-content/plugins/woocommerce-dynamic-gallery/assets/js/mygallery/jquery.a3-dgallery5b0a.css]
[cbdmedicaltherapy.com/wp-content/plugins/woocommerce-dynamic-gallery/assets/js/fancybox/jquery.fancybox.minc412.css]
[c0.wp.com/p/woocommerce/6.1.1/assets/css/photoswipe/default-skin/default-skin.png]
[c0.wp.com/p/woocommerce/6.1.1/assets/css/photoswipe/photoswipe.min.css]
[c0.wp.com/p/woocommerce/6.1.1/assets/css/photoswipe/default-skin/default-skin.png]
[c0.wp.com/p/woocommerce/6.1.1/assets/css/photoswipe/default-skin/default-skin.svg]
[c0.wp.com/p/woocommerce/6.1.1/assets/css/photoswipe/default-skin/preloader.gif]
[c0.wp.com/p/woocommerce/6.1.1/assets/css/photoswipe/default-skin/default-skin.min.css]
[c0.wp.com/p/woocommerce/6.1.1/assets/css/photoswipe/default-skin/preloader.gif]
[cbdmedicaltherapy.com/index84c1.html]
[cbdmedicaltherapy.com/wp-content/uploads/sass/woo_dynamic_gallery.min79e7.css]
[cbdmedicaltherapy.com/index.php/es/product-category/tinture-de-cbd/index.html]
[cbdmedicaltherapy.com/index.php/es/product/tintura-de-cbd/indexbebf.html]
[cbdmedicaltherapy.com/index.php/product/nira-softgels-600mg/index.html]
[cbdmedicaltherapy.com/index29ea.html]
[cbdmedicaltherapy.com/index.php/es/product-category/capsulas-blandas/index.html]
[cbdmedicaltherapy.com/index.php/es/product/nira-capsulas-blandas-de-600mg-de-cbd/index9740.html]
[cbdmedicaltherapy.com/index942b.html]
[cbdmedicaltherapy.com/index.php/es/product-category/cbd-locion/index.html]
[cbdmedicaltherapy.com/index.php/es/product/nira-lotion-750mg-2/index9740.html]
[cbdmedicaltherapy.com/index.php/faqs/index.html]
[cbdmedicaltherapy.com/wp-content/uploads/elementor/css/post-253003ed.css]
[cbdmedicaltherapy.com/index2207.html]
[cbdmedicaltherapy.com/index.php/terms-and-conditions/index.html]
[cbdmedicaltherapy.com/wp-content/uploads/elementor/css/post-429050a9.css]
[cbdmedicaltherapy.com/index40e8.html]
[cbdmedicaltherapy.com/wp-content/uploads/elementor/css/post-966f2d.css]
[cbdmedicaltherapy.com/index6f72.html]
[cbdmedicaltherapy.com/index.php/shop/index2b08.html]
[cbdmedicaltherapy.com/index5401.html]
[c0.wp.com/c/5.9/wp-includes/css/dashicons.min.css]
[c0.wp.com/c/5.9/wp-includes/css/buttons.min.css]
[c0.wp.com/c/5.9/wp-admin/css/forms.min.css]
[c0.wp.com/c/5.9/wp-admin/css/l10n.min.css]
[c0.wp.com/c/5.9/wp-admin/css/login.min.css]
[cbdmedicaltherapy.com/wp-content/plugins/jetpack/css/jetpack04fc.css]
[cbdmedicaltherapy.com/wp-content/uploads/elementor/css/post-4392ab47.css]
[cbdmedicaltherapy.com/index218b.html]
[cbdmedicaltherapy.com/indexfbc5.html]
[cbdmedicaltherapy.com/index.php/product-category/cbd-tincture/index.html]
[cbdmedicaltherapy.com/index.php/es/product-category/tinture-de-cbd/index9740.html]
[cbdmedicaltherapy.com/index.php/es/product-category/cbd-es/index9740.html]
[cbdmedicaltherapy.com/index.php/es/product-category/spanish/index9740.html]
[cbdmedicaltherapy.com/index03e1.html]
[cbdmedicaltherapy.com/index.php/product/nira-softgels-600mg/index2b08.html]
[cbdmedicaltherapy.com/indexada0.html]
[cbdmedicaltherapy.com/index.php/product-category/cbd-lotion/index.html]
[cbdmedicaltherapy.com/index.php/es/product-category/cbd-locion/indexbebf.html]
[cbdmedicaltherapy.com/wp-content/uploads/elementor/css/post-4254f690.css]
[cbdmedicaltherapy.com/index850e.html]
[cbdmedicaltherapy.com/wp-content/uploads/elementor/css/post-383701b2.css]
[cbdmedicaltherapy.com/index62ba.html]
[cbdmedicaltherapy.com/indexb190.html]
[cbdmedicaltherapy.com/index.php/cart/indexe8d4.html]
[cbdmedicaltherapy.com/wp-content/uploads/elementor/css/post-3918fb36.css]
[cbdmedicaltherapy.com/index99b5.html]
[c0.wp.com/c/5.9/wp-includes/js/mediaelement/mejs-controls.svg]
[cbdmedicaltherapy.com/wp-content/plugins/woocommerce/assets/fonts/star.svg]
[cbdmedicaltherapy.com/wp-content/plugins/woocommerce/assets/fonts/WooCommerce.svg]
[cbdmedicaltherapy.com/wp-content/plugins/woocommerce/assets/images/icons/loader.svg]
[cbdmedicaltherapy.com/wp-content/plugins/woocommerce/assets/images/icons/credit-cards/visa.svg]
[cbdmedicaltherapy.com/wp-content/plugins/woocommerce/assets/images/icons/credit-cards/mastercard.svg]
[cbdmedicaltherapy.com/wp-content/plugins/woocommerce/assets/images/icons/credit-cards/laser.svg]
[cbdmedicaltherapy.com/wp-content/plugins/woocommerce/assets/images/icons/credit-cards/diners.svg]
[cbdmedicaltherapy.com/wp-content/plugins/woocommerce/assets/images/icons/credit-cards/maestro.svg]
[cbdmedicaltherapy.com/wp-content/plugins/woocommerce/assets/images/icons/credit-cards/jcb.svg]
[cbdmedicaltherapy.com/wp-content/plugins/woocommerce/assets/images/icons/credit-cards/amex.svg]
[cbdmedicaltherapy.com/wp-content/plugins/woocommerce/assets/images/icons/credit-cards/discover.svg]
[cbdmedicaltherapy.com/wp-content/plugins/elementor/assets/lib/eicons/fonts/eiconsdc2c.svg]
[cbdmedicaltherapy.com/wp-content/plugins/wpforms-lite/assets/images/times-solid-white.svg]
[cbdmedicaltherapy.com/wp-content/plugins/elementor/assets/lib/font-awesome/webfonts/fa-brands-400.svg]
[cbdmedicaltherapy.com/wp-content/plugins/elementor/assets/lib/font-awesome/webfonts/fa-regular-400.svg]
[cbdmedicaltherapy.com/wp-content/plugins/elementor/assets/lib/font-awesome/webfonts/fa-solid-900.svg]
[cbdmedicaltherapy.com/wp-content/uploads/2020/10/cannabis-sheet-03-plane-fixed.html]
[cbdmedicaltherapy.com/wp-content/plugins/woocommerce-dynamic-gallery/admin/assets/fonts/fontawesome-webfont3295.svg]
[cbdmedicaltherapy.com/wp-content/plugins/woocommerce-dynamic-gallery/assets/js/mygallery/tn3.html]
[c0.wp.com/p/woocommerce/6.1.1/assets/css/photoswipe/default-skin/default-skin.svg]
